50 u9
            u                                     
       u             u               uu           
                                         u  u     
u                               u                 
                  u  u    uu      u              u
  u                                               
 u    u  u  u                    uu      u        
                  u                               
            u          u                  u       
 u    u                               u           
        u                       uu                
               u                 u          u     
                         uu                       
                           u u                    
 u                                                
                                 u                
                                                  
                     u              u             
               u          u                      u
             u                  u                 
        u  u          u   u            u          
   u    u                             u u         
     u          u                                 
                         u  u                     
          u           u           u               
   u u   u            u                           
               u u           u                    
 u                           u    u               
u                                                 
            u                         u      u    
    u         u                 u      u  u       
                                                  
                 u    u                           
      u     u    u                    u           
  u   u                             u             
 u               u                         u u    
             u  u                          u u    
                                          u   uu  
                          u u             u       
          u   u                                   
                 u                      u         
                                                  
  u     u       u        u                        
                                     u            
                       u u                        
       u             u        u           u       
                                                  
                                              u   
                        u        u              u 
                                                  
